// Jest Snapshot v1, https://goo.gl/fbAQLP

exports[`HeaderMenu renders correctly 1`] = `
<vmenu-stub opendelay="0" closedelay="0" contentclass="menu-active-el" left="true" maxwidth="auto" nudgebottom="0" nudgeleft="0" nudgeright="0" nudgetop="0" nudgewidth="0" openonclick="true" closeonclick="true" closeoncontentclick="true" maxheight="auto" offsety="true" origin="top center" transition="scale-transition">
  <div class="white">
    <vlist-stub tag="div" tile="true">
      <vlistitem-stub activeclass="" exact="true" to="[object Object]" tag="div">
        <vlistitemtitle-stub>Test 1</vlistitemtitle-stub>
      </vlistitem-stub>
    </vlist-stub>
    <vbtn-stub tag="button" tile="true" activeclass="" large="true" block="true" type="button" class="primary--text">
      <vicon-stub color="primary" class="mr-2">
        M14.08,15.59L16.67,13H7V11H16.67L14.08,8.41L15.5,7L20.5,12L15.5,17L14.08,15.59M19,3A2,2 0 0,1 21,5V9.67L19,7.67V5H5V19H19V16.33L21,14.33V19A2,2 0 0,1 19,21H5C3.89,21 3,20.1 3,19V5C3,3.89 3.89,3 5,3H19Z
      </vicon-stub>

      components.layout.headerMenu.logout
    </vbtn-stub>
  </div>
</vmenu-stub>
`;
