// Jest Snapshot v1, https://goo.gl/fbAQLP

exports[`About renders correctly 1`] = `
<pagecard-stub cardclass="py-4 px-5" cardpadding="px-6 py-4">
  <h2 class="title font-weight-bold primary--text">
    views.about.title
  </h2>
  <!---->
  <vbtn-stub color="accent" tag="button" activeclass="" exact="true" to="views.about.backBtn.to" outlined="true" type="button" class="mt-8">
    <vicon-stub class="mr-2">
      M20,11V13H8L13.5,18.5L12.08,19.92L4.16,12L12.08,4.08L13.5,5.5L8,11H20Z
    </vicon-stub>

    views.about.backBtn.label
  </vbtn-stub>
</pagecard-stub>
`;
